[
	{
		"OrderName": "108743",
		"TargetUnits": 1,
		"BeginTimestamp": "2021-01-09T08:44:19.608Z",
		"EndTimestamp": "2021-01-09T09:08:55.88Z",
		"ProductName": "108743",
		"TimePerUnitInSeconds": 1890
	},
	{
		"OrderName": "108737",
		"TargetUnits": 1,
		"BeginTimestamp": "2021-01-09T09:09:03.16Z",
		"EndTimestamp": "2021-01-09T10:44:42.024Z",
		"ProductName": "108737",
		"TimePerUnitInSeconds": 2772
	},
	{
		"OrderName": "108766",
		"TargetUnits": 1,
		"BeginTimestamp": "2021-01-09T10:44:49.528Z",
		"EndTimestamp": "2021-01-09T11:02:30.232Z",
		"ProductName": "108766",
		"TimePerUnitInSeconds": 1008
	}
]